C51 COMPILER V9.01   MAIN                                                                  04/30/2019 14:07:54 PAGE 1   


C51 COMPILER V9.01, COMPILATION OF MODULE MAIN
OBJECT MODULE PLACED IN main.OBJ
COMPILER INVOKED BY: C:\Keil\C51\BIN\C51.EXE main.c BROWSE DEBUG OBJECTEXTEND

line level    source

   1          #include <REGX52.H>
   2          #include "Test_pin.h"
   3          #include "InitDevice.h"
   4          #include "variables_globales.h"
   5          #include "moteur.h"
   6          #include "moteur_port.h"
   7          
   8          
   9          
  10          // prototype
  11          void scheduler(void);
  12          
  13          void main(){ 
  14   1              
  15   1              initDevice();
  16   1      
  17   1              while (1){
  18   2                      while(new_task==0);
  19   2                      new_task=0;
  20   2                      scheduler();
  21   2              }                       
  22   1      
  23   1      }
  24          
  25          void scheduler(void){
  26   1      
  27   1          static bit flag_init_moteur =0, etat_button=0; // co bao init moteur          ??????
  28   1      
  29   1              switch(scheduler_ct) {
  30   2                      case 0: {
  31   3                          //TEST =!TEST;
  32   3                          if(flag_init_moteur == 0){
  33   4                                      flag_init_moteur = 1;
  34   4                                      etat_phase = 0;
  35   4                                      InitMoteur(); 
  36   4                          }
  37   3                              
  38   3                              if(BUTTON == 0 && etat_button != 0){
  39   4                                      demarage_arret_Moteur();
  40   4                                      //TEST =!TEST;
  41   4                          etat_button = 0;
  42   4                      }else if(BUTTON != 0){
  43   4                              etat_button = 1;
  44   4                      }
  45   3      
  46   3                              break;
  47   3                      }
  48   2              }
  49   1      
  50   1              scheduler_ct++;
  51   1              if(scheduler_ct==4) scheduler_ct=0;
  52   1      }


MODULE INFORMATION:   STATIC OVERLAYABLE
C51 COMPILER V9.01   MAIN                                                                  04/30/2019 14:07:54 PAGE 2   

   CODE SIZE        =     71    ----
   CONSTANT SIZE    =   ----    ----
   XDATA SIZE       =   ----    ----
   PDATA SIZE       =   ----    ----
   DATA SIZE        =   ----    ----
   IDATA SIZE       =   ----    ----
   BIT SIZE         =      2    ----
END OF MODULE INFORMATION.


C51 COMPILATION COMPLETE.  0 WARNING(S),  0 ERROR(S)
